13:55:47 ipad: booted
13:55:50 ipad: installed
13:55:53 ipad: launch paint: com.pbordjadze.paintbynumber: 13713 
13:56:01 ipad: paint ready after 6 s
13:56:20 ipad: captured paint
13:56:33 ipad: launch paint-progress: com.pbordjadze.paintbynumber: 14808 
13:56:34 ipad: paint-progress ready after 1 s
13:56:38 ipad: captured paint-progress
13:56:42 ipad: launch paint-zoom: com.pbordjadze.paintbynumber: 14992 
13:56:44 ipad: paint-zoom ready after 2 s
13:56:48 ipad: captured paint-zoom
13:56:56 ipad: launch paint-complete: com.pbordjadze.paintbynumber: 15207 
13:56:56 ipad: paint-complete ready after 0 s
13:57:01 ipad: captured paint-complete
13:57:11 ipad: launch paint-dark: com.pbordjadze.paintbynumber: 15886 
13:57:12 ipad: paint-dark ready after 0 s
13:57:15 ipad: captured paint-dark
13:57:19 ipad: launch paint-dark-paper: com.pbordjadze.paintbynumber: 16045 
13:57:21 ipad: paint-dark-paper ready after 2 s
13:57:25 ipad: captured paint-dark-paper
13:57:32 ipad: launch paint-fill: com.pbordjadze.paintbynumber: 16489 
13:57:37 ipad: paint-fill ready after 5 s
13:57:54 ipad: captured paint-fill
13:57:58 ipad: launch paint-hint: com.pbordjadze.paintbynumber: 17022 
13:58:05 ipad: paint-hint ready after 7 s
13:58:08 ipad: captured paint-hint
13:58:11 ipad: launch paint-replay: com.pbordjadze.paintbynumber: 17426 
13:58:21 ipad: paint-replay ready after 10 s
13:58:29 ipad: captured paint-replay
13:58:37 ipad: launch paint-photo: com.pbordjadze.paintbynumber: 18101 
13:58:37 ipad: paint-photo ready after 0 s
13:58:41 ipad: captured paint-photo
13:58:46 ipad: launch paint-tip: com.pbordjadze.paintbynumber: 18445 
13:58:48 ipad: paint-tip ready after 2 s
13:58:51 ipad: captured paint-tip
13:58:55 ipad: launch paint-ax: com.pbordjadze.paintbynumber: 18741 
13:58:57 ipad: paint-ax ready after 1 s
13:59:01 ipad: captured paint-ax
13:59:05 ipad: launch paint-ax-large: com.pbordjadze.paintbynumber: 19124 
13:59:07 ipad: paint-ax-large ready after 2 s
13:59:11 ipad: captured paint-ax-large
13:59:15 ipad: launch paint-palette: com.pbordjadze.paintbynumber: 19244 
13:59:16 ipad: paint-palette ready after 1 s
13:59:20 ipad: captured paint-palette
13:59:24 ipad: launch paint-palette-number: com.pbordjadze.paintbynumber: 19482 
13:59:26 ipad: paint-palette-number ready after 2 s
13:59:29 ipad: captured paint-palette-number
13:59:33 ipad: launch paint-long-text: com.pbordjadze.paintbynumber: 19860 
13:59:35 ipad: paint-long-text ready after 2 s
13:59:38 ipad: captured paint-long-text
13:59:40 ipad: launch paint-complete-long-text: com.pbordjadze.paintbynumber: 19946 
13:59:43 ipad: paint-complete-long-text ready after 2 s
13:59:46 ipad: captured paint-complete-long-text
13:59:50 ipad: launch paint-feedback: com.pbordjadze.paintbynumber: 20174 
13:59:53 ipad: paint-feedback ready after 3 s
13:59:57 ipad: captured paint-feedback
14:00:02 ipad: launch paint-feedback-dark: com.pbordjadze.paintbynumber: 20898 
14:00:06 ipad: paint-feedback-dark ready after 4 s
14:00:09 ipad: captured paint-feedback-dark
14:00:14 ipad: launch paint-feedback-review: com.pbordjadze.paintbynumber: 21639 
14:00:22 ipad: paint-feedback-review ready after 7 s
14:00:26 ipad: captured paint-feedback-review
14:00:30 ipad: launch paint-feedback-long-text: com.pbordjadze.paintbynumber: 21808 
14:00:36 ipad: paint-feedback-long-text ready after 6 s
14:00:39 ipad: captured paint-feedback-long-text
14:00:41 ipad: launch gallery: com.pbordjadze.paintbynumber: 22398 
14:00:45 ipad: gallery ready after 4 s
14:00:48 ipad: captured gallery
14:00:54 ipad: launch gallery-dark: com.pbordjadze.paintbynumber: 22646 
14:00:57 ipad: gallery-dark ready after 3 s
14:01:00 ipad: captured gallery-dark
14:01:05 ipad: launch gallery-favorites: com.pbordjadze.paintbynumber: 23077 
14:01:07 ipad: gallery-favorites ready after 2 s
14:01:09 ipad: captured gallery-favorites
14:01:15 ipad: launch gallery-favorites-dark: com.pbordjadze.paintbynumber: 23307 
14:01:16 ipad: gallery-favorites-dark ready after 1 s
14:01:19 ipad: captured gallery-favorites-dark
14:01:25 ipad: launch gallery-search: com.pbordjadze.paintbynumber: 24022 
14:01:27 ipad: gallery-search ready after 2 s
14:01:30 ipad: captured gallery-search
14:01:35 ipad: launch gallery-search-dark: com.pbordjadze.paintbynumber: 24212 
14:01:37 ipad: gallery-search-dark ready after 2 s
14:01:40 ipad: captured gallery-search-dark
14:01:44 ipad: launch gallery-no-favorites-long-text: com.pbordjadze.paintbynumber: 24796 
14:01:46 ipad: gallery-no-favorites-long-text ready after 2 s
14:01:48 ipad: captured gallery-no-favorites-long-text
14:01:51 ipad: launch gallery-empty: com.pbordjadze.paintbynumber: 24889 
14:01:51 ipad: gallery-empty ready after 0 s
14:01:54 ipad: captured gallery-empty
14:01:57 ipad: launch gallery-open: com.pbordjadze.paintbynumber: 24962 
14:02:00 ipad: gallery-open ready after 2 s
14:02:03 ipad: captured gallery-open
14:02:06 ipad: launch gallery-damaged: com.pbordjadze.paintbynumber: 25505 
14:02:08 ipad: gallery-damaged ready after 2 s
14:02:11 ipad: captured gallery-damaged
14:02:14 ipad: launch gallery-timelapse: com.pbordjadze.paintbynumber: 25610 
14:02:16 ipad: gallery-timelapse ready after 2 s
14:02:19 ipad: captured gallery-timelapse
14:02:22 ipad: launch gallery-timelapse-long-text: com.pbordjadze.paintbynumber: 25799 
14:02:23 ipad: gallery-timelapse-long-text ready after 1 s
14:02:30 ipad: captured gallery-timelapse-long-text
14:02:36 ipad: launch gallery-long-text: com.pbordjadze.paintbynumber: 26519 
14:02:41 ipad: gallery-long-text ready after 5 s
14:02:44 ipad: captured gallery-long-text
14:02:46 ipad: launch paint-unavailable: com.pbordjadze.paintbynumber: 26835 
14:02:46 ipad: paint-unavailable ready after 0 s
14:02:49 ipad: captured paint-unavailable
14:02:52 ipad: launch create: com.pbordjadze.paintbynumber: 27243 
14:02:56 ipad: create ready after 4 s
14:03:09 ipad: captured create
14:03:19 ipad: launch create-samples: com.pbordjadze.paintbynumber: 28157 
14:03:23 ipad: create-samples ready after 4 s
14:03:29 ipad: captured create-samples
14:03:33 ipad: launch create-samples-paintings: com.pbordjadze.paintbynumber: 28258 
14:03:37 ipad: create-samples-paintings ready after 4 s
14:03:45 ipad: captured create-samples-paintings
14:03:51 ipad: launch create-samples-photographs: com.pbordjadze.paintbynumber: 28616 
14:03:53 ipad: create-samples-photographs ready after 1 s
14:03:59 ipad: captured create-samples-photographs
14:04:04 ipad: launch create-samples-long-text: com.pbordjadze.paintbynumber: 29282 
14:04:09 ipad: create-samples-long-text ready after 5 s
14:04:13 ipad: captured create-samples-long-text
14:04:15 ipad: launch create-preview: com.pbordjadze.paintbynumber: 29610 
14:04:28 ipad: create-preview ready after 13 s
14:04:33 ipad: captured create-preview
14:04:36 ipad: launch create-preview-dark: com.pbordjadze.paintbynumber: 30300 
14:04:46 ipad: create-preview-dark ready after 10 s
14:04:49 ipad: captured create-preview-dark
14:04:54 ipad: launch create-line-art: com.pbordjadze.paintbynumber: 31071 
14:05:04 ipad: create-line-art ready after 10 s
14:05:08 ipad: captured create-line-art
14:05:11 ipad: launch create-refine: com.pbordjadze.paintbynumber: 31725 
14:05:25 ipad: create-refine ready after 14 s
14:05:28 ipad: captured create-refine
14:05:35 ipad: launch create-refine-dark: com.pbordjadze.paintbynumber: 32349 
14:05:48 ipad: create-refine-dark ready after 13 s
14:05:52 ipad: captured create-refine-dark
14:05:56 ipad: launch create-suggested: com.pbordjadze.paintbynumber: 33100 
14:06:06 ipad: create-suggested ready after 10 s
14:06:09 ipad: captured create-suggested
14:06:12 ipad: launch create-custom: com.pbordjadze.paintbynumber: 33695 
14:06:24 ipad: create-custom ready after 12 s
14:06:29 ipad: captured create-custom
14:06:33 ipad: launch create-custom-long-text: com.pbordjadze.paintbynumber: 34016 
14:06:45 ipad: create-custom-long-text ready after 12 s
14:06:49 ipad: captured create-custom-long-text
14:06:54 ipad: launch create-from-file: com.pbordjadze.paintbynumber: 34708 
14:07:00 ipad: create-from-file ready after 6 s
14:07:03 ipad: captured create-from-file
14:07:05 ipad: launch settings: com.pbordjadze.paintbynumber: 35031 
14:07:06 ipad: settings ready after 1 s
14:07:10 ipad: captured settings
14:07:13 ipad: launch settings-long-text: com.pbordjadze.paintbynumber: 35411 
14:07:13 ipad: settings-long-text ready after 0 s
14:07:20 ipad: captured settings-long-text
14:07:23 ipad: launch settings-acknowledgements: com.pbordjadze.paintbynumber: 35973 
14:07:23 ipad: settings-acknowledgements ready after 0 s
14:07:26 ipad: captured settings-acknowledgements
14:07:29 ipad: launch paint-book: com.pbordjadze.paintbynumber: 36025 
14:07:32 ipad: paint-book ready after 3 s
14:07:35 ipad: captured paint-book
14:07:38 ipad: launch paint-book-progress: com.pbordjadze.paintbynumber: 36506 
14:07:41 ipad: paint-book-progress ready after 3 s
14:07:44 ipad: captured paint-book-progress
14:07:47 ipad: launch paint-book-zoomed: com.pbordjadze.paintbynumber: 36815 
14:07:51 ipad: paint-book-zoomed ready after 4 s
14:07:54 ipad: captured paint-book-zoomed
14:07:58 ipad: launch paint-book-dark-paper: com.pbordjadze.paintbynumber: 37098 
14:08:02 ipad: paint-book-dark-paper ready after 4 s
14:08:05 ipad: captured paint-book-dark-paper
